../Core/Src/main.c:80:5:main	8	static
../Core/Src/main.c:131:6:SystemClock_Config	64	static
../Core/Src/main.c:166:13:MX_ADC1_Init	24	static
../Core/Src/main.c:290:13:MX_TIM3_Init	24	static
../Core/Src/main.c:329:13:MX_TIM16_Init	8	static
../Core/Src/main.c:361:13:MX_TIM17_Init	8	static
../Core/Src/main.c:393:13:MX_USART1_UART_Init	8	static
../Core/Src/main.c:443:13:MX_USART2_UART_Init	8	static
../Core/Src/main.c:477:13:MX_DMA_Init	16	static
../Core/Src/main.c:495:13:MX_GPIO_Init	48	static
../Core/Src/main.c:544:6:Error_Handler	8	static,ignoring_inline_asm
