../Core/Src/main.c:102:5:main	8	static
../Core/Src/main.c:169:6:SystemClock_Config	88	static
../Core/Src/main.c:215:13:MX_ADC1_Init	56	static
../Core/Src/main.c:301:13:MX_ADC2_Init	40	static
../Core/Src/main.c:360:13:MX_COMP1_Init	8	static
../Core/Src/main.c:392:13:MX_COMP2_Init	8	static
../Core/Src/main.c:424:13:MX_DAC1_Init	56	static
../Core/Src/main.c:471:13:MX_SPI1_Init	8	static
../Core/Src/main.c:511:13:MX_TIM1_Init	136	static
../Core/Src/main.c:617:13:MX_TIM2_Init	56	static
../Core/Src/main.c:679:13:MX_TIM3_Init	64	static
../Core/Src/main.c:742:13:MX_TIM4_Init	64	static
../Core/Src/main.c:809:13:MX_TIM6_Init	24	static
../Core/Src/main.c:847:13:MX_TIM7_Init	24	static
../Core/Src/main.c:885:13:MX_TIM8_Init	136	static
../Core/Src/main.c:977:13:MX_TIM15_Init	40	static
../Core/Src/main.c:1023:13:MX_USART1_UART_Init	8	static
../Core/Src/main.c:1069:13:MX_DMA_Init	16	static
../Core/Src/main.c:1091:13:MX_GPIO_Init	40	static
../Core/Src/main.c:1134:6:Error_Handler	4	static,ignoring_inline_asm
