../Core/Src/qcw.c:31:6:QCW_Init	16	static
../Core/Src/qcw.c:76:6:QCW_Loop	16	static
../Core/Src/qcw.c:99:6:HAL_ADC_ConvCpltCallback	32	static
../Core/Src/qcw.c:133:6:StartPulse	40	static
../Core/Src/qcw.c:175:6:EndPulse	8	static
../Core/Src/qcw.c:188:6:HAL_TIM_IC_CaptureCallback	16	static
../Core/Src/qcw.c:230:6:HAL_COMP_TriggerCallback	16	static
../Core/Src/qcw.c:238:6:HAL_TIM_PWM_PulseFinishedCallback	16	static
../Core/Src/qcw.c:276:6:HAL_TIM_PeriodElapsedCallback	24	static
../Core/Src/qcw.c:297:7:u32_to_float	16	static
../Core/Src/qcw.c:301:10:GetValue	16	static
../Core/Src/qcw.c:309:6:HAL_UART_RxCpltCallback	32	static
