../Core/Src/qcw.c:32:6:QCW_Init	16	static
../Core/Src/qcw.c:76:6:QCW_Loop	16	static
../Core/Src/qcw.c:106:6:HAL_ADC_ConvCpltCallback	24	static
../Core/Src/qcw.c:132:6:StartPulse	40	static
../Core/Src/qcw.c:174:6:EndPulse	8	static
../Core/Src/qcw.c:187:6:HAL_TIM_IC_CaptureCallback	16	static
../Core/Src/qcw.c:229:6:HAL_COMP_TriggerCallback	16	static
../Core/Src/qcw.c:237:6:HAL_TIM_PWM_PulseFinishedCallback	16	static
../Core/Src/qcw.c:275:6:HAL_TIM_PeriodElapsedCallback	24	static
../Core/Src/qcw.c:296:7:u32_to_float	16	static
../Core/Src/qcw.c:300:10:GetValue	16	static
../Core/Src/qcw.c:308:6:HAL_UART_RxCpltCallback	32	static
