../Core/Src/stm32g4xx_it.c:82:6:NMI_Handler	4	static
../Core/Src/stm32g4xx_it.c:97:6:HardFault_Handler	4	static
../Core/Src/stm32g4xx_it.c:112:6:MemManage_Handler	4	static
../Core/Src/stm32g4xx_it.c:127:6:BusFault_Handler	4	static
../Core/Src/stm32g4xx_it.c:142:6:UsageFault_Handler	4	static
../Core/Src/stm32g4xx_it.c:157:6:SVC_Handler	4	static
../Core/Src/stm32g4xx_it.c:170:6:DebugMon_Handler	4	static
../Core/Src/stm32g4xx_it.c:183:6:PendSV_Handler	4	static
../Core/Src/stm32g4xx_it.c:196:6:SysTick_Handler	8	static
../Core/Src/stm32g4xx_it.c:217:6:DMA1_Channel1_IRQHandler	8	static
../Core/Src/stm32g4xx_it.c:231:6:DMA1_Channel2_IRQHandler	8	static
../Core/Src/stm32g4xx_it.c:245:6:ADC1_2_IRQHandler	8	static
../Core/Src/stm32g4xx_it.c:260:6:TIM1_BRK_TIM15_IRQHandler	8	static
../Core/Src/stm32g4xx_it.c:275:6:TIM1_UP_TIM16_IRQHandler	8	static
../Core/Src/stm32g4xx_it.c:289:6:TIM1_TRG_COM_TIM17_IRQHandler	8	static
../Core/Src/stm32g4xx_it.c:303:6:TIM1_CC_IRQHandler	8	static
../Core/Src/stm32g4xx_it.c:317:6:TIM2_IRQHandler	8	static
../Core/Src/stm32g4xx_it.c:331:6:SPI1_IRQHandler	8	static
../Core/Src/stm32g4xx_it.c:345:6:USART1_IRQHandler	8	static
../Core/Src/stm32g4xx_it.c:359:6:TIM8_BRK_IRQHandler	8	static
../Core/Src/stm32g4xx_it.c:373:6:TIM8_UP_IRQHandler	8	static
../Core/Src/stm32g4xx_it.c:387:6:TIM8_TRG_COM_IRQHandler	8	static
../Core/Src/stm32g4xx_it.c:401:6:TIM8_CC_IRQHandler	8	static
../Core/Src/stm32g4xx_it.c:415:6:TIM6_DAC_IRQHandler	8	static
../Core/Src/stm32g4xx_it.c:430:6:TIM7_IRQHandler	8	static
../Core/Src/stm32g4xx_it.c:444:6:COMP1_2_3_IRQHandler	8	static
